---
http_interactions:
- request:
    method: get
    uri: https://www.googleapis.com/youtube/v3/search?key=<YOUTUBE_TOKEN>&maxResults=5&part=snippet&q=taylor%20swift%20offical&type=video
    body:
      encoding: UTF-8
      string: ''
    headers:
      Accept:
      - application/json
      Connection:
      - close
      Host:
      - www.googleapis.com
      User-Agent:
      - http.rb/5.1.0
  response:
    status:
      code: 200
      message: OK
    headers:
      Content-Type:
      - application/json; charset=UTF-8
      Vary:
      - Origin,Accept-Encoding
      - Referer
      - X-Origin
      Date:
      - Fri, 28 Oct 2022 12:53:29 GMT
      Server:
      - scaffolding on HTTPServer2
      Cache-Control:
      - private
      X-Xss-Protection:
      - '0'
      X-Frame-Options:
      - SAMEORIGIN
      X-Content-Type-Options:
      - nosniff
      Accept-Ranges:
      - none
      Transfer-Encoding:
      - chunked
      Alt-Svc:
      - h3=":443"; ma=2592000,h3-29=":443"; ma=2592000,h3-Q050=":443"; ma=2592000,h3-Q046=":443";
        ma=2592000,h3-Q043=":443"; ma=2592000,quic=":443"; ma=2592000; v="46,43"
      Connection:
      - close
    body:
      encoding: UTF-8
      string: |
        {
          "kind": "youtube#searchListResponse",
          "etag": "P2YVjkOtAIuOYu0_PV8AefNprbI",
          "nextPageToken": "CAUQAA",
          "regionCode": "TW",
          "pageInfo": {
            "totalResults": 1000000,
            "resultsPerPage": 5
          },
          "items": [
            {
              "kind": "youtube#searchResult",
              "etag": "0eJSNAxJd562y0LVxYNKzKnl8nM",
              "id": {
                "kind": "youtube#video",
                "videoId": "b1kbLwvqugk"
              },
              "snippet": {
                "publishedAt": "2022-10-21T12:00:06Z",
                "channelId": "UCANLZYMidaCbLQFWXBC95Jg",
                "title": "Taylor Swift - Anti-Hero (Official Music Video)",
                "description": "Official music video for “Anti-Hero” by Taylor Swift from the album 'Midnights'. Buy/Download/Stream 'Midnights': ...",
                "thumbnails": {
                  "default": {
                    "url": "https://i.ytimg.com/vi/b1kbLwvqugk/default.jpg",
                    "width": 120,
                    "height": 90
                  },
                  "medium": {
                    "url": "https://i.ytimg.com/vi/b1kbLwvqugk/mqdefault.jpg",
                    "width": 320,
                    "height": 180
                  },
                  "high": {
                    "url": "https://i.ytimg.com/vi/b1kbLwvqugk/hqdefault.jpg",
                    "width": 480,
                    "height": 360
                  }
                },
                "channelTitle": "TaylorSwiftVEVO",
                "liveBroadcastContent": "none",
                "publishTime": "2022-10-21T12:00:06Z"
              }
            },
            {
              "kind": "youtube#searchResult",
              "etag": "gZCW4P3W8o8N2eTURsZG1CuxuWA",
              "id": {
                "kind": "youtube#video",
                "videoId": "b7QlX3yR2xs"
              },
              "snippet": {
                "publishedAt": "2022-10-25T04:00:09Z",
                "channelId": "UCANLZYMidaCbLQFWXBC95Jg",
                "title": "Taylor Swift - Bejeweled (Official Music Video)",
                "description": "Official music video for “Bejeweled” by Taylor Swift from the album 'Midnights'. Buy/Download/Stream 'Midnights': ...",
                "thumbnails": {
                  "default": {
                    "url": "https://i.ytimg.com/vi/b7QlX3yR2xs/default.jpg",
                    "width": 120,
                    "height": 90
                  },
                  "medium": {
                    "url": "https://i.ytimg.com/vi/b7QlX3yR2xs/mqdefault.jpg",
                    "width": 320,
                    "height": 180
                  },
                  "high": {
                    "url": "https://i.ytimg.com/vi/b7QlX3yR2xs/hqdefault.jpg",
                    "width": 480,
                    "height": 360
                  }
                },
                "channelTitle": "TaylorSwiftVEVO",
                "liveBroadcastContent": "none",
                "publishTime": "2022-10-25T04:00:09Z"
              }
            },
            {
              "kind": "youtube#searchResult",
              "etag": "qp0p2m66Z7opplVgZstPOIu_rEA",
              "id": {
                "kind": "youtube#video",
                "videoId": "RsEZmictANA"
              },
              "snippet": {
                "publishedAt": "2020-12-11T05:00:10Z",
                "channelId": "UCANLZYMidaCbLQFWXBC95Jg",
                "title": "Taylor Swift - willow (Official Music Video)",
                "description": "Official music video by Taylor Swift performing “willow” – off her evermore album. Listen to the album here: ...",
                "thumbnails": {
                  "default": {
                    "url": "https://i.ytimg.com/vi/RsEZmictANA/default.jpg",
                    "width": 120,
                    "height": 90
                  },
                  "medium": {
                    "url": "https://i.ytimg.com/vi/RsEZmictANA/mqdefault.jpg",
                    "width": 320,
                    "height": 180
                  },
                  "high": {
                    "url": "https://i.ytimg.com/vi/RsEZmictANA/hqdefault.jpg",
                    "width": 480,
                    "height": 360
                  }
                },
                "channelTitle": "TaylorSwiftVEVO",
                "liveBroadcastContent": "none",
                "publishTime": "2020-12-11T05:00:10Z"
              }
            },
            {
              "kind": "youtube#searchResult",
              "etag": "ZGRF7trFg-w_zPfp4_yRIVvMFZQ",
              "id": {
                "kind": "youtube#video",
                "videoId": "rg18Kf4en2o"
              },
              "snippet": {
                "publishedAt": "2022-10-22T00:00:29Z",
                "channelId": "UCANLZYMidaCbLQFWXBC95Jg",
                "title": "Taylor Swift - Karma (Official Lyric Video)",
                "description": "Listen to “Karma” by Taylor Swift from the album 'Midnights'. Buy/Download/Stream 'Midnights': ...",
                "thumbnails": {
                  "default": {
                    "url": "https://i.ytimg.com/vi/rg18Kf4en2o/default.jpg",
                    "width": 120,
                    "height": 90
                  },
                  "medium": {
                    "url": "https://i.ytimg.com/vi/rg18Kf4en2o/mqdefault.jpg",
                    "width": 320,
                    "height": 180
                  },
                  "high": {
                    "url": "https://i.ytimg.com/vi/rg18Kf4en2o/hqdefault.jpg",
                    "width": 480,
                    "height": 360
                  }
                },
                "channelTitle": "TaylorSwiftVEVO",
                "liveBroadcastContent": "none",
                "publishTime": "2022-10-22T00:00:29Z"
              }
            },
            {
              "kind": "youtube#searchResult",
              "etag": "TSUHp9-DMTkLzaY2vn0JtSuslWg",
              "id": {
                "kind": "youtube#video",
                "videoId": "Odh9ddPUkEY"
              },
              "snippet": {
                "publishedAt": "2022-10-22T00:00:13Z",
                "channelId": "UCANLZYMidaCbLQFWXBC95Jg",
                "title": "Taylor Swift - Midnight Rain (Official Lyric Video)",
                "description": "Listen to “ Midnight Rain e” by Taylor Swift from the album 'Midnights'. Buy/Download/Stream 'Midnights': ...",
                "thumbnails": {
                  "default": {
                    "url": "https://i.ytimg.com/vi/Odh9ddPUkEY/default.jpg",
                    "width": 120,
                    "height": 90
                  },
                  "medium": {
                    "url": "https://i.ytimg.com/vi/Odh9ddPUkEY/mqdefault.jpg",
                    "width": 320,
                    "height": 180
                  },
                  "high": {
                    "url": "https://i.ytimg.com/vi/Odh9ddPUkEY/hqdefault.jpg",
                    "width": 480,
                    "height": 360
                  }
                },
                "channelTitle": "TaylorSwiftVEVO",
                "liveBroadcastContent": "none",
                "publishTime": "2022-10-22T00:00:13Z"
              }
            }
          ]
        }
  recorded_at: Fri, 28 Oct 2022 12:53:29 GMT
- request:
    method: get
    uri: https://www.googleapis.com/youtube/v3/search?key=<YOUTUBE_TOKEN>&maxResults=5&part=snippet&q=wrong%20path&type=video
    body:
      encoding: UTF-8
      string: ''
    headers:
      Accept:
      - application/json
      Connection:
      - close
      Host:
      - www.googleapis.com
      User-Agent:
      - http.rb/5.1.0
  response:
    status:
      code: 400
      message: Bad Request
    headers:
      Content-Type:
      - text/html; charset=UTF-8
      Referrer-Policy:
      - no-referrer
      Content-Length:
      - '1555'
      Date:
      - Fri, 28 Oct 2022 12:53:29 GMT
    body:
      encoding: UTF-8
      string: |
        <!DOCTYPE html>
        <html lang=en>
          <meta charset=utf-8>
          <meta name=viewport content="initial-scale=1, minimum-scale=1, width=device-width">
          <title>Error 400 (Bad Request)!!1</title>
          <style>
            *{margin:0;padding:0}html,code{font:15px/22px arial,sans-serif}html{background:#fff;color:#222;padding:15px}body{margin:7% auto 0;max-width:390px;min-height:180px;padding:30px 0 15px}* > body{background:url(//www.google.com/images/errors/robot.png) 100% 5px no-repeat;padding-right:205px}p{margin:11px 0 22px;overflow:hidden}ins{color:#777;text-decoration:none}a img{border:0}@media screen and (max-width:772px){body{background:none;margin-top:0;max-width:none;padding-right:0}}#logo{background:url(//www.google.com/images/branding/googlelogo/1x/googlelogo_color_150x54dp.png) no-repeat;margin-left:-5px}@media only screen and (min-resolution:192dpi){#logo{background:url(//www.google.com/images/branding/googlelogo/2x/googlelogo_color_150x54dp.png) no-repeat 0% 0%/100% 100%;-moz-border-image:url(//www.google.com/images/branding/googlelogo/2x/googlelogo_color_150x54dp.png) 0}}@media only screen and (-webkit-min-device-pixel-ratio:2){#logo{background:url(//www.google.com/images/branding/googlelogo/2x/googlelogo_color_150x54dp.png) no-repeat;-webkit-background-size:100% 100%}}#logo{display:inline-block;height:54px;width:150px}
          </style>
          <a href=//www.google.com/><span id=logo aria-label=Google></span></a>
          <p><b>400.</b> <ins>That’s an error.</ins>
          <p>Your client has issued a malformed or illegal request.  <ins>That’s all we know.</ins>
  recorded_at: Fri, 28 Oct 2022 12:53:29 GMT
- request:
    method: get
    uri: https://www.googleapis.com/youtube/v3/search?key=BAD_TOKEN&maxResults=5&part=snippet&q=taylor%20swift%20offical&type=video
    body:
      encoding: UTF-8
      string: ''
    headers:
      Accept:
      - application/json
      Connection:
      - close
      Host:
      - www.googleapis.com
      User-Agent:
      - http.rb/5.1.0
  response:
    status:
      code: 400
      message: Bad Request
    headers:
      Vary:
      - Origin,Accept-Encoding
      - Referer
      - X-Origin
      Content-Type:
      - application/json; charset=UTF-8
      Date:
      - Fri, 28 Oct 2022 12:53:29 GMT
      Server:
      - scaffolding on HTTPServer2
      Cache-Control:
      - private
      X-Xss-Protection:
      - '0'
      X-Frame-Options:
      - SAMEORIGIN
      X-Content-Type-Options:
      - nosniff
      Accept-Ranges:
      - none
      Transfer-Encoding:
      - chunked
      Alt-Svc:
      - h3=":443"; ma=2592000,h3-29=":443"; ma=2592000,h3-Q050=":443"; ma=2592000,h3-Q046=":443";
        ma=2592000,h3-Q043=":443"; ma=2592000,quic=":443"; ma=2592000; v="46,43"
      Connection:
      - close
    body:
      encoding: UTF-8
      string: |
        {
          "error": {
            "code": 400,
            "message": "API key not valid. Please pass a valid API key.",
            "errors": [
              {
                "message": "API key not valid. Please pass a valid API key.",
                "domain": "global",
                "reason": "badRequest"
              }
            ],
            "status": "INVALID_ARGUMENT",
            "details": [
              {
                "@type": "type.googleapis.com/google.rpc.ErrorInfo",
                "reason": "API_KEY_INVALID",
                "domain": "googleapis.com",
                "metadata": {
                  "service": "youtube.googleapis.com"
                }
              }
            ]
          }
        }
  recorded_at: Fri, 28 Oct 2022 12:53:29 GMT
- request:
    method: get
    uri: https://www.googleapis.com/youtube/v3/videos?id=&key=&part=statistics,snippet
    body:
      encoding: UTF-8
      string: ''
    headers:
      Accept:
      - application/json
      Connection:
      - close
      Host:
      - www.googleapis.com
      User-Agent:
      - http.rb/5.1.0
  response:
    status:
      code: 403
      message: Forbidden
    headers:
      Vary:
      - Origin,Accept-Encoding
      - Referer
      - X-Origin
      Content-Type:
      - application/json; charset=UTF-8
      Date:
      - Tue, 01 Nov 2022 11:36:58 GMT
      Server:
      - scaffolding on HTTPServer2
      Cache-Control:
      - private
      X-Xss-Protection:
      - '0'
      X-Frame-Options:
      - SAMEORIGIN
      X-Content-Type-Options:
      - nosniff
      Accept-Ranges:
      - none
      Transfer-Encoding:
      - chunked
      Alt-Svc:
      - h3=":443"; ma=2592000,h3-29=":443"; ma=2592000,h3-Q050=":443"; ma=2592000,h3-Q046=":443";
        ma=2592000,h3-Q043=":443"; ma=2592000,quic=":443"; ma=2592000; v="46,43"
      Connection:
      - close
    body:
      encoding: UTF-8
      string: |
        {
          "error": {
            "code": 403,
            "message": "The request is missing a valid API key.",
            "errors": [
              {
                "message": "The request is missing a valid API key.",
                "domain": "global",
                "reason": "forbidden"
              }
            ],
            "status": "PERMISSION_DENIED"
          }
        }
  recorded_at: Tue, 01 Nov 2022 11:36:57 GMT
- request:
    method: get
    uri: https://www.googleapis.com/youtube/v3/videos?id=b1kbLwvqugk&key=&part=statistics,snippet
    body:
      encoding: UTF-8
      string: ''
    headers:
      Accept:
      - application/json
      Connection:
      - close
      Host:
      - www.googleapis.com
      User-Agent:
      - http.rb/5.1.0
  response:
    status:
      code: 403
      message: Forbidden
    headers:
      Vary:
      - Origin,Accept-Encoding
      - Referer
      - X-Origin
      Content-Type:
      - application/json; charset=UTF-8
      Date:
      - Tue, 01 Nov 2022 11:47:56 GMT
      Server:
      - scaffolding on HTTPServer2
      Cache-Control:
      - private
      X-Xss-Protection:
      - '0'
      X-Frame-Options:
      - SAMEORIGIN
      X-Content-Type-Options:
      - nosniff
      Accept-Ranges:
      - none
      Transfer-Encoding:
      - chunked
      Alt-Svc:
      - h3=":443"; ma=2592000,h3-29=":443"; ma=2592000,h3-Q050=":443"; ma=2592000,h3-Q046=":443";
        ma=2592000,h3-Q043=":443"; ma=2592000,quic=":443"; ma=2592000; v="46,43"
      Connection:
      - close
    body:
      encoding: UTF-8
      string: |
        {
          "error": {
            "code": 403,
            "message": "The request is missing a valid API key.",
            "errors": [
              {
                "message": "The request is missing a valid API key.",
                "domain": "global",
                "reason": "forbidden"
              }
            ],
            "status": "PERMISSION_DENIED"
          }
        }
  recorded_at: Tue, 01 Nov 2022 11:47:54 GMT
- request:
    method: get
    uri: https://www.googleapis.com/youtube/v3/videos?id=b1kbLwvqugk&key=<YOUTUBE_TOKEN>&part=statistics,snippet
    body:
      encoding: UTF-8
      string: ''
    headers:
      Accept:
      - application/json
      Connection:
      - close
      Host:
      - www.googleapis.com
      User-Agent:
      - http.rb/5.1.0
  response:
    status:
      code: 200
      message: OK
    headers:
      Content-Type:
      - application/json; charset=UTF-8
      Vary:
      - Origin,Accept-Encoding
      - Referer
      - X-Origin
      Date:
      - Tue, 01 Nov 2022 12:08:06 GMT
      Server:
      - scaffolding on HTTPServer2
      Cache-Control:
      - private
      X-Xss-Protection:
      - '0'
      X-Frame-Options:
      - SAMEORIGIN
      X-Content-Type-Options:
      - nosniff
      Accept-Ranges:
      - none
      Transfer-Encoding:
      - chunked
      Alt-Svc:
      - h3=":443"; ma=2592000,h3-29=":443"; ma=2592000,h3-Q050=":443"; ma=2592000,h3-Q046=":443";
        ma=2592000,h3-Q043=":443"; ma=2592000,quic=":443"; ma=2592000; v="46,43"
      Connection:
      - close
    body:
      encoding: UTF-8
      string: |
        {
          "kind": "youtube#videoListResponse",
          "etag": "ElEisTUV9rTLwouEF9DOcYHkSIc",
          "items": [
            {
              "kind": "youtube#video",
              "etag": "zUAin-jO7HkTWE6BG7_nS5Xm8FY",
              "id": "b1kbLwvqugk",
              "snippet": {
                "publishedAt": "2022-10-21T12:00:06Z",
                "channelId": "UCANLZYMidaCbLQFWXBC95Jg",
                "title": "Taylor Swift - Anti-Hero (Official Music Video)",
                "description": "Official music video for “Anti-Hero” by Taylor Swift from the album ‘Midnights’.\n\nBuy/Download/Stream ‘Midnights’: https://taylor.lnk.to/taylorswiftmidnights \n\n►Join the #TSAntiHeroChallenge: https://yt.be/TSAntiHero \n\n►Subscribe to Taylor Swift on YouTube: https://ts.lnk.to/subscribe \n \n►Shop Merch: http://taylorswift.lnk.to/store\n\n►Follow Taylor Swift Online:\nTikTok: http://tiktok.com/@taylorswift\nInstagram: http://instagram.com/taylorswift  \nTwitter: http://twitter.com/taylorswift13  \nSnapchat: http://snapchat.com/add/taylorswift\nFacebook: http://facebook.com/taylorswift  \nTumblr: http://taylorswift.tumblr.com  \nWebsite: http://www.taylorswift.com  \n\n►Follow Taylor Nation Online\nTikTok: http://tiktok.com/@taylornation\nInstagram: http://instagram.com/taylornation  \nTwitter: http://twitter.com/taylornation13\nTumblr: http://taylornation.tumblr.com  \n\n►Lyrics:\nWritten by Taylor Swift and Jack Antonoff\n\nI have this thing where I get older but just never wiser\nMidnights become my afternoons\nWhen my depression works the graveyard shift\nAll of the people I’ve ghosted stand there in the room\nI should not be left to my own devices, they come with prices and vices, I end up in crisis\nTale as old as time\nI wake up screaming from dreaming one day I’ll watch as you’re leaving ‘cause you got tired of my scheming - for the last time\n\nIt’s me\nHi\nI’m the problem, it’s me\nAt teatime\nEverybody agrees\nI’ll stare directly at the sun but never in the mirror\nIt must be exhausting always rooting for the anti-hero\n\nSometimes I feel like everybody is a sexy baby\nAnd I’m a monster on the hill\nToo big to hang out\nSlowly lurching toward your favorite city\nPierced through the heart but never killed\nDid you hear my covert narcissism I disguise as altruism like some kind of congressman \nTale as old as time\nI wake up screaming from dreaming \none day I’ll watch as you’re leaving and life will lose all its meaning - for the last time \n\nIt’s me\nHi\nI’m the problem, it’s me\nAt teatime\nEverybody agrees\nI’ll stare directly at the sun but never in the mirror\nIt must be exhausting always rooting for the anti-hero\n\nI have this dream my daughter-in-law kills me for the money\nShe thinks I left them in the will\nThe family gathers ‘round and reads it\nAnd then someone screams out\n“She’s laughing up at us from hell!”\n\nIt’s me\nHi\nI’m the problem, it’s me\n\nIt’s me\nHi\nI’m the problem, it’s me\n\nIt’s me\nHi\n\nEverybody agrees\nEverybody agrees\n\nIt’s me\nHi\nI’m the problem, it’s me\nAt teatime\nEverybody agrees\nI’ll stare directly at the sun but never in the mirror\nIt must be exhausting always rooting for the anti-hero\n\nDirector: Taylor Swift\nDirector of Photography: Rina Yang\nProducer: Sara D'Alessio\nEditor: Chancler Haynes\nProduction Designer: Ethan Tobman\n1st AD: Anthony Dimino\nVisual Effects: Parliament\nProduction Companies: Taylor Swift Productions & Revolution Pictures\n\n#taylorswift #midnights #antihero \n\nMusic video by Taylor Swift performing Anti-Hero. © 2022 Taylor Swift",
                "thumbnails": {
                  "default": {
                    "url": "https://i.ytimg.com/vi/b1kbLwvqugk/default.jpg",
                    "width": 120,
                    "height": 90
                  },
                  "medium": {
                    "url": "https://i.ytimg.com/vi/b1kbLwvqugk/mqdefault.jpg",
                    "width": 320,
                    "height": 180
                  },
                  "high": {
                    "url": "https://i.ytimg.com/vi/b1kbLwvqugk/hqdefault.jpg",
                    "width": 480,
                    "height": 360
                  },
                  "standard": {
                    "url": "https://i.ytimg.com/vi/b1kbLwvqugk/sddefault.jpg",
                    "width": 640,
                    "height": 480
                  },
                  "maxres": {
                    "url": "https://i.ytimg.com/vi/b1kbLwvqugk/maxresdefault.jpg",
                    "width": 1280,
                    "height": 720
                  }
                },
                "channelTitle": "TaylorSwiftVEVO",
                "tags": [
                  "taylor swift",
                  "taylor",
                  "swift",
                  "antihero",
                  "anti hero",
                  "midnights",
                  "taylor swift new music",
                  "taylor swift midnights",
                  "taylor swift album",
                  "taylor swift new album",
                  "swifties",
                  "taylors version",
                  "taylor swift lyrics",
                  "official taylor swift video",
                  "taylor swift challenge",
                  "anti hero challenge",
                  "taylor swift tiktok",
                  "テイラー・スウィフト",
                  "테일러 스위프트",
                  "泰勒絲",
                  "泰勒斯威夫特",
                  "한글자막",
                  "日本語字幕",
                  "subtítulos en español",
                  "Türkçe Altyazılı",
                  "Phụ đề tiếng Việt",
                  "Subtitles in Tagalog",
                  "Teks",
                  "dalam",
                  "Bahasa"
                ],
                "categoryId": "10",
                "liveBroadcastContent": "none",
                "localized": {
                  "title": "Taylor Swift - Anti-Hero (Official Music Video)",
                  "description": "Official music video for “Anti-Hero” by Taylor Swift from the album ‘Midnights’.\n\nBuy/Download/Stream ‘Midnights’: https://taylor.lnk.to/taylorswiftmidnights \n\n►Join the #TSAntiHeroChallenge: https://yt.be/TSAntiHero \n\n►Subscribe to Taylor Swift on YouTube: https://ts.lnk.to/subscribe \n \n►Shop Merch: http://taylorswift.lnk.to/store\n\n►Follow Taylor Swift Online:\nTikTok: http://tiktok.com/@taylorswift\nInstagram: http://instagram.com/taylorswift  \nTwitter: http://twitter.com/taylorswift13  \nSnapchat: http://snapchat.com/add/taylorswift\nFacebook: http://facebook.com/taylorswift  \nTumblr: http://taylorswift.tumblr.com  \nWebsite: http://www.taylorswift.com  \n\n►Follow Taylor Nation Online\nTikTok: http://tiktok.com/@taylornation\nInstagram: http://instagram.com/taylornation  \nTwitter: http://twitter.com/taylornation13\nTumblr: http://taylornation.tumblr.com  \n\n►Lyrics:\nWritten by Taylor Swift and Jack Antonoff\n\nI have this thing where I get older but just never wiser\nMidnights become my afternoons\nWhen my depression works the graveyard shift\nAll of the people I’ve ghosted stand there in the room\nI should not be left to my own devices, they come with prices and vices, I end up in crisis\nTale as old as time\nI wake up screaming from dreaming one day I’ll watch as you’re leaving ‘cause you got tired of my scheming - for the last time\n\nIt’s me\nHi\nI’m the problem, it’s me\nAt teatime\nEverybody agrees\nI’ll stare directly at the sun but never in the mirror\nIt must be exhausting always rooting for the anti-hero\n\nSometimes I feel like everybody is a sexy baby\nAnd I’m a monster on the hill\nToo big to hang out\nSlowly lurching toward your favorite city\nPierced through the heart but never killed\nDid you hear my covert narcissism I disguise as altruism like some kind of congressman \nTale as old as time\nI wake up screaming from dreaming \none day I’ll watch as you’re leaving and life will lose all its meaning - for the last time \n\nIt’s me\nHi\nI’m the problem, it’s me\nAt teatime\nEverybody agrees\nI’ll stare directly at the sun but never in the mirror\nIt must be exhausting always rooting for the anti-hero\n\nI have this dream my daughter-in-law kills me for the money\nShe thinks I left them in the will\nThe family gathers ‘round and reads it\nAnd then someone screams out\n“She’s laughing up at us from hell!”\n\nIt’s me\nHi\nI’m the problem, it’s me\n\nIt’s me\nHi\nI’m the problem, it’s me\n\nIt’s me\nHi\n\nEverybody agrees\nEverybody agrees\n\nIt’s me\nHi\nI’m the problem, it’s me\nAt teatime\nEverybody agrees\nI’ll stare directly at the sun but never in the mirror\nIt must be exhausting always rooting for the anti-hero\n\nDirector: Taylor Swift\nDirector of Photography: Rina Yang\nProducer: Sara D'Alessio\nEditor: Chancler Haynes\nProduction Designer: Ethan Tobman\n1st AD: Anthony Dimino\nVisual Effects: Parliament\nProduction Companies: Taylor Swift Productions & Revolution Pictures\n\n#taylorswift #midnights #antihero \n\nMusic video by Taylor Swift performing Anti-Hero. © 2022 Taylor Swift"
                }
              },
              "statistics": {
                "viewCount": "43872475",
                "likeCount": "2217403",
                "favoriteCount": "0",
                "commentCount": "68184"
              }
            }
          ],
          "pageInfo": {
            "totalResults": 1,
            "resultsPerPage": 1
          }
        }
  recorded_at: Tue, 01 Nov 2022 12:08:05 GMT
- request:
    method: get
    uri: https://www.googleapis.com/youtube/v3/videos?id=b7QlX3yR2xs&key=<YOUTUBE_TOKEN>&part=statistics,snippet
    body:
      encoding: UTF-8
      string: ''
    headers:
      Accept:
      - application/json
      Connection:
      - close
      Host:
      - www.googleapis.com
      User-Agent:
      - http.rb/5.1.0
  response:
    status:
      code: 200
      message: OK
    headers:
      Content-Type:
      - application/json; charset=UTF-8
      Vary:
      - Origin,Accept-Encoding
      - Referer
      - X-Origin
      Date:
      - Tue, 01 Nov 2022 12:16:58 GMT
      Server:
      - scaffolding on HTTPServer2
      Cache-Control:
      - private
      X-Xss-Protection:
      - '0'
      X-Frame-Options:
      - SAMEORIGIN
      X-Content-Type-Options:
      - nosniff
      Accept-Ranges:
      - none
      Transfer-Encoding:
      - chunked
      Alt-Svc:
      - h3=":443"; ma=2592000,h3-29=":443"; ma=2592000,h3-Q050=":443"; ma=2592000,h3-Q046=":443";
        ma=2592000,h3-Q043=":443"; ma=2592000,quic=":443"; ma=2592000; v="46,43"
      Connection:
      - close
    body:
      encoding: UTF-8
      string: |
        {
          "kind": "youtube#videoListResponse",
          "etag": "C_sPWGcYVRC1i5pRTztVXKizQIg",
          "items": [
            {
              "kind": "youtube#video",
              "etag": "hgsiqnj_TvsW1OQTMRWlNWwGGeU",
              "id": "b7QlX3yR2xs",
              "snippet": {
                "publishedAt": "2022-10-25T04:00:09Z",
                "channelId": "UCANLZYMidaCbLQFWXBC95Jg",
                "title": "Taylor Swift - Bejeweled (Official Music Video)",
                "description": "Official music video for “Bejeweled” by Taylor Swift from the album ‘Midnights’.\n\nBuy/Download/Stream ‘Midnights’: https://taylor.lnk.to/taylorswiftmidnights \n\n►Subscribe to Taylor Swift on YouTube: https://ts.lnk.to/subscribe \n \n►Shop Merch: http://taylorswift.lnk.to/store\n\n►Follow Taylor Swift Online:\nTikTok: http://tiktok.com/@taylorswift\nInstagram: http://instagram.com/taylorswift  \nTwitter: http://twitter.com/taylorswift13  \nSnapchat: http://snapchat.com/add/taylorswift\nFacebook: http://facebook.com/taylorswift  \nTumblr: http://taylorswift.tumblr.com  \nWebsite: http://www.taylorswift.com  \n\n►Follow Taylor Nation Online\nTikTok: http://tiktok.com/@taylornation\nInstagram: http://instagram.com/taylornation  \nTwitter: http://twitter.com/taylornation13\nTumblr: http://taylornation.tumblr.com  \n\n►Lyrics:\nWritten by Taylor Swift and Jack Antonoff\n\nBaby love, I think I’ve been a little too kind\nDidn’t notice you walking all over my peace of mind\nIn the shoes I gave you as a present\nPutting someone first only works\nWhen you’re in their top 5\nAnd by the way\nI’m going out tonight\n\nBest believe I’m still bejeweled\nWhen I walk in the room\nI can still make the whole place shimmer\nAnd when I meet the band\nThey ask, “Do you have a man?”\nI could still say, “I don’t remember”\nFamiliarity breeds contempt\nDon’t put me in the basement\nWhen I want the penthouse of your heart\nDiamonds in my eyes\nI polish up real\nI polish up real nice\nNICE!\n\nBaby boy, I think I’ve been too good of a girl \nToo good of a girl\nDid all the extra credit then got graded on a curve\nI think it’s time to teach some lessons\nI made you my world\nHave you heard\nI can reclaim the land\nAnd I miss you\nBut I miss sparkling …\n\nChorus\n\nSapphire tears on my face\nSadness became my whole sky\nBut some guy said my aura’s moonstone\nJust ‘cause he was high\nAnd we’re dancing all night\nAnd you can try\nTo change my mind\nBut you might have to wait in line\nWhat’s a girl gonna do?\nA diamond’s gotta shine\n\nChorus\nAnd we’re dancing all night\nAnd you can try\nTo change my mind\nBut you might have to wait in line\nWhat’s a girl gonna do?\nWhat’s a girl gonna do? \nI polish up nice\nBest believe I’m still bejeweled\nWhen I walk in the room\nI can still make the whole place shimmer\n\nDirector: Taylor Swift\nDirector of Photography: Rina Yang\nProducer: Sara D'Alessio\nEditor: Chancler Haynes\nProduction Designer: Ethan Tobman\n1st AD: Anthony Dimino\nVisual Effects: Parliament\nProduction Companies: Taylor Swift Productions & Revolution Pictures\n\n#taylorswift #midnights #bejeweled \n\nMusic video by Taylor Swift performing Bejeweled. © 2022 Taylor Swift",
                "thumbnails": {
                  "default": {
                    "url": "https://i.ytimg.com/vi/b7QlX3yR2xs/default.jpg",
                    "width": 120,
                    "height": 90
                  },
                  "medium": {
                    "url": "https://i.ytimg.com/vi/b7QlX3yR2xs/mqdefault.jpg",
                    "width": 320,
                    "height": 180
                  },
                  "high": {
                    "url": "https://i.ytimg.com/vi/b7QlX3yR2xs/hqdefault.jpg",
                    "width": 480,
                    "height": 360
                  },
                  "standard": {
                    "url": "https://i.ytimg.com/vi/b7QlX3yR2xs/sddefault.jpg",
                    "width": 640,
                    "height": 480
                  },
                  "maxres": {
                    "url": "https://i.ytimg.com/vi/b7QlX3yR2xs/maxresdefault.jpg",
                    "width": 1280,
                    "height": 720
                  }
                },
                "channelTitle": "TaylorSwiftVEVO",
                "tags": [
                  "taylor swift",
                  "taylor",
                  "swift",
                  "bejeweled",
                  "midnights",
                  "taylor swift new music",
                  "taylor swift midnights",
                  "taylor swift album",
                  "taylor swift new album",
                  "swifties",
                  "taylors version",
                  "taylor swift lyrics",
                  "official taylor swift video",
                  "taylor swift challenge",
                  "anti hero challenge",
                  "taylor swift tiktok"
                ],
                "categoryId": "10",
                "liveBroadcastContent": "none",
                "localized": {
                  "title": "Taylor Swift - Bejeweled (Official Music Video)",
                  "description": "Official music video for “Bejeweled” by Taylor Swift from the album ‘Midnights’.\n\nBuy/Download/Stream ‘Midnights’: https://taylor.lnk.to/taylorswiftmidnights \n\n►Subscribe to Taylor Swift on YouTube: https://ts.lnk.to/subscribe \n \n►Shop Merch: http://taylorswift.lnk.to/store\n\n►Follow Taylor Swift Online:\nTikTok: http://tiktok.com/@taylorswift\nInstagram: http://instagram.com/taylorswift  \nTwitter: http://twitter.com/taylorswift13  \nSnapchat: http://snapchat.com/add/taylorswift\nFacebook: http://facebook.com/taylorswift  \nTumblr: http://taylorswift.tumblr.com  \nWebsite: http://www.taylorswift.com  \n\n►Follow Taylor Nation Online\nTikTok: http://tiktok.com/@taylornation\nInstagram: http://instagram.com/taylornation  \nTwitter: http://twitter.com/taylornation13\nTumblr: http://taylornation.tumblr.com  \n\n►Lyrics:\nWritten by Taylor Swift and Jack Antonoff\n\nBaby love, I think I’ve been a little too kind\nDidn’t notice you walking all over my peace of mind\nIn the shoes I gave you as a present\nPutting someone first only works\nWhen you’re in their top 5\nAnd by the way\nI’m going out tonight\n\nBest believe I’m still bejeweled\nWhen I walk in the room\nI can still make the whole place shimmer\nAnd when I meet the band\nThey ask, “Do you have a man?”\nI could still say, “I don’t remember”\nFamiliarity breeds contempt\nDon’t put me in the basement\nWhen I want the penthouse of your heart\nDiamonds in my eyes\nI polish up real\nI polish up real nice\nNICE!\n\nBaby boy, I think I’ve been too good of a girl \nToo good of a girl\nDid all the extra credit then got graded on a curve\nI think it’s time to teach some lessons\nI made you my world\nHave you heard\nI can reclaim the land\nAnd I miss you\nBut I miss sparkling …\n\nChorus\n\nSapphire tears on my face\nSadness became my whole sky\nBut some guy said my aura’s moonstone\nJust ‘cause he was high\nAnd we’re dancing all night\nAnd you can try\nTo change my mind\nBut you might have to wait in line\nWhat’s a girl gonna do?\nA diamond’s gotta shine\n\nChorus\nAnd we’re dancing all night\nAnd you can try\nTo change my mind\nBut you might have to wait in line\nWhat’s a girl gonna do?\nWhat’s a girl gonna do? \nI polish up nice\nBest believe I’m still bejeweled\nWhen I walk in the room\nI can still make the whole place shimmer\n\nDirector: Taylor Swift\nDirector of Photography: Rina Yang\nProducer: Sara D'Alessio\nEditor: Chancler Haynes\nProduction Designer: Ethan Tobman\n1st AD: Anthony Dimino\nVisual Effects: Parliament\nProduction Companies: Taylor Swift Productions & Revolution Pictures\n\n#taylorswift #midnights #bejeweled \n\nMusic video by Taylor Swift performing Bejeweled. © 2022 Taylor Swift"
                }
              },
              "statistics": {
                "viewCount": "22383784",
                "likeCount": "1337270",
                "favoriteCount": "0",
                "commentCount": "45361"
              }
            }
          ],
          "pageInfo": {
            "totalResults": 1,
            "resultsPerPage": 1
          }
        }
  recorded_at: Tue, 01 Nov 2022 12:16:57 GMT
- request:
    method: get
    uri: https://www.googleapis.com/youtube/v3/videos?id=RsEZmictANA&key=<YOUTUBE_TOKEN>&part=statistics,snippet
    body:
      encoding: UTF-8
      string: ''
    headers:
      Accept:
      - application/json
      Connection:
      - close
      Host:
      - www.googleapis.com
      User-Agent:
      - http.rb/5.1.0
  response:
    status:
      code: 200
      message: OK
    headers:
      Content-Type:
      - application/json; charset=UTF-8
      Vary:
      - Origin,Accept-Encoding
      - Referer
      - X-Origin
      Date:
      - Tue, 01 Nov 2022 12:16:58 GMT
      Server:
      - scaffolding on HTTPServer2
      Cache-Control:
      - private
      X-Xss-Protection:
      - '0'
      X-Frame-Options:
      - SAMEORIGIN
      X-Content-Type-Options:
      - nosniff
      Accept-Ranges:
      - none
      Transfer-Encoding:
      - chunked
      Alt-Svc:
      - h3=":443"; ma=2592000,h3-29=":443"; ma=2592000,h3-Q050=":443"; ma=2592000,h3-Q046=":443";
        ma=2592000,h3-Q043=":443"; ma=2592000,quic=":443"; ma=2592000; v="46,43"
      Connection:
      - close
    body:
      encoding: UTF-8
      string: "{\n  \"kind\": \"youtube#videoListResponse\",\n  \"etag\": \"gexnMW8OP7Ct98o8VKNy2HwWFqI\",\n
        \ \"items\": [\n    {\n      \"kind\": \"youtube#video\",\n      \"etag\":
        \"PG3FoicDlaaaE_ekFDcNsfIl8IA\",\n      \"id\": \"RsEZmictANA\",\n      \"snippet\":
        {\n        \"publishedAt\": \"2020-12-11T05:00:10Z\",\n        \"channelId\":
        \"UCANLZYMidaCbLQFWXBC95Jg\",\n        \"title\": \"Taylor Swift - willow
        (Official Music Video)\",\n        \"description\": \"Official music video
        by Taylor Swift performing “willow” – off her evermore album. \\nListen to
        the album here: https://taylor.lnk.to/evermorealbum\\n\\n\U0001F570️ Pre-order
        the new album Midnights by Taylor Swift available everywhere October 21: \\nhttps://taylor.lnk.to/taylorswiftmidnightsYT\\n\\n►Subscribe
        to Taylor Swift on YouTube: https://ts.lnk.to/subscribe \\n \\n►Exclusive
        Merch: http://taylorswift.lnk.to/store\\n\\n►Follow Taylor Swift online:\\nInstagram:
        http://instagram.com/taylorswift  \\nFacebook: http://facebook.com/taylorswift
        \ \\nTumblr: http://taylorswift.tumblr.com  \\nTwitter: http://twitter.com/taylorswift13
        \ \\nSnapchat: http://snapchat.com/add/taylorswift\\nWebsite: http://www.taylorswift.com
        \ \\n\\n►Follow Taylor Nation Online\\nInstagram: http://instagram.com/taylornation
        \ \\nTumblr: http://taylornation.tumblr.com  \\nTwitter: http://twitter.com/taylornation13
        \\n\\nstarring\\ntaylor swift\\ntaeok lee\\nindiana cheairs\\nsamuel silver\\nyoe
        apolinario\\nmaria wada\\njazz smith\\ngracie stewart\\njake landgrebe\\nnolan
        padilla\\nmark villaver\\nrobert green\\nmason cutler\\nsienna lyons\\n\\ndirected
        by\\ntaylor swift\\n\\ndirector of photography\\nrodrigo prieto ASC, AMC\\n\\nproducer\\njil
        hardin\\n\\neditor\\nchancler haynes\\n\\nproduction designers\\nethan tobman\\nregina
        fernandez\\n\\nstylists\\njoseph cassell\\nsunshine madsen\\n\\nfirst ad\\njoe
        “oz” osborne\\n\\nco-first ad\\nev salomon\\n\\nvisual effects\\ningenuity
        studios\\ngrant miller \\ndavid lebensfeld\\njumanah shaheen\\n \\nexecutive
        producer\\nrebecca skinner\\n\\nco-producer\\nkathy palmer\\n\\ngaffer\\nmanny
        tapia\\n\\nkey grip\\n“pie” alexander griffiths\\n\\nstoryboards\\nvincent
        lucido\\n\\nthe song\\n\\nwritten by taylor swift and aaron dessner\\nproduced
        by aaron dessner\\nrecorded by jonathan low and aaron dessner\\nmixed by jonathan
        low\\norchestration by bryce dessner\\nmastered by greg calbi and steve fallone\\ndrum
        machine programming, percussion, keyboards, synthesizers, piano and electric,
        bass and\\nacoustic guitars by aaron dessner\\nsynthesizers and drum machine
        programming by james mcalister\\npercussion and drum machine programming by
        bryan devendorf\\nviolin by yuki numata resnick\\nelectric guitar by josh
        kaufman\\ncello by clarice jensen\\nglockenspiel by jason treuting\\nflute
        by alex sopp\\nfrench horn by cj camerieri\\nkeyboard and synthesizers by
        thomas bartlett\\n\\nintro music\\nmodular synth by benjamin lanz\\n\\nA special
        thank you to our on set medics, COVID-19 compliance personnel and the crew
        for operating under the strictest guidelines including wearing PPE, practicing
        thorough sanitization and respecting social distancing during the video shoot.\\n\\n#taylorswift
        #willow #evermorealbum\",\n        \"thumbnails\": {\n          \"default\":
        {\n            \"url\": \"https://i.ytimg.com/vi/RsEZmictANA/default.jpg\",\n
        \           \"width\": 120,\n            \"height\": 90\n          },\n          \"medium\":
        {\n            \"url\": \"https://i.ytimg.com/vi/RsEZmictANA/mqdefault.jpg\",\n
        \           \"width\": 320,\n            \"height\": 180\n          },\n          \"high\":
        {\n            \"url\": \"https://i.ytimg.com/vi/RsEZmictANA/hqdefault.jpg\",\n
        \           \"width\": 480,\n            \"height\": 360\n          },\n          \"standard\":
        {\n            \"url\": \"https://i.ytimg.com/vi/RsEZmictANA/sddefault.jpg\",\n
        \           \"width\": 640,\n            \"height\": 480\n          },\n          \"maxres\":
        {\n            \"url\": \"https://i.ytimg.com/vi/RsEZmictANA/maxresdefault.jpg\",\n
        \           \"width\": 1280,\n            \"height\": 720\n          }\n        },\n
        \       \"channelTitle\": \"TaylorSwiftVEVO\",\n        \"tags\": [\n          \"taylor
        swift\",\n          \"taylor\",\n          \"swift\",\n          \"willow\",\n
        \         \"willow taylor swift\",\n          \"taylor swift willow\",\n          \"willow
        official video\",\n          \"willow music video\",\n          \"willow evermore\",\n
        \         \"evermore\",\n          \"taylor swift evermore\",\n          \"willow
        lyrics\",\n          \"taylor swift willow lyrics\",\n          \"taylor willow\",\n
        \         \"willow taylor\",\n          \"evermore taylor swift\",\n          \"ever
        more\",\n          \"taylor swift new album\",\n          \"taylor swift new
        music\",\n          \"ever more taylor swift\",\n          \"taylor swift
        ever more\",\n          \"テイラー・スウィフト\",\n          \"테일러 스위프트\",\n          \"泰勒絲\",\n
        \         \"泰勒斯威夫特\",\n          \"한글자막\",\n          \"日本語字幕\",\n          \"subtítulos
        en español\"\n        ],\n        \"categoryId\": \"10\",\n        \"liveBroadcastContent\":
        \"none\",\n        \"localized\": {\n          \"title\": \"Taylor Swift -
        willow (Official Music Video)\",\n          \"description\": \"Official music
        video by Taylor Swift performing “willow” – off her evermore album. \\nListen
        to the album here: https://taylor.lnk.to/evermorealbum\\n\\n\U0001F570️ Pre-order
        the new album Midnights by Taylor Swift available everywhere October 21: \\nhttps://taylor.lnk.to/taylorswiftmidnightsYT\\n\\n►Subscribe
        to Taylor Swift on YouTube: https://ts.lnk.to/subscribe \\n \\n►Exclusive
        Merch: http://taylorswift.lnk.to/store\\n\\n►Follow Taylor Swift online:\\nInstagram:
        http://instagram.com/taylorswift  \\nFacebook: http://facebook.com/taylorswift
        \ \\nTumblr: http://taylorswift.tumblr.com  \\nTwitter: http://twitter.com/taylorswift13
        \ \\nSnapchat: http://snapchat.com/add/taylorswift\\nWebsite: http://www.taylorswift.com
        \ \\n\\n►Follow Taylor Nation Online\\nInstagram: http://instagram.com/taylornation
        \ \\nTumblr: http://taylornation.tumblr.com  \\nTwitter: http://twitter.com/taylornation13
        \\n\\nstarring\\ntaylor swift\\ntaeok lee\\nindiana cheairs\\nsamuel silver\\nyoe
        apolinario\\nmaria wada\\njazz smith\\ngracie stewart\\njake landgrebe\\nnolan
        padilla\\nmark villaver\\nrobert green\\nmason cutler\\nsienna lyons\\n\\ndirected
        by\\ntaylor swift\\n\\ndirector of photography\\nrodrigo prieto ASC, AMC\\n\\nproducer\\njil
        hardin\\n\\neditor\\nchancler haynes\\n\\nproduction designers\\nethan tobman\\nregina
        fernandez\\n\\nstylists\\njoseph cassell\\nsunshine madsen\\n\\nfirst ad\\njoe
        “oz” osborne\\n\\nco-first ad\\nev salomon\\n\\nvisual effects\\ningenuity
        studios\\ngrant miller \\ndavid lebensfeld\\njumanah shaheen\\n \\nexecutive
        producer\\nrebecca skinner\\n\\nco-producer\\nkathy palmer\\n\\ngaffer\\nmanny
        tapia\\n\\nkey grip\\n“pie” alexander griffiths\\n\\nstoryboards\\nvincent
        lucido\\n\\nthe song\\n\\nwritten by taylor swift and aaron dessner\\nproduced
        by aaron dessner\\nrecorded by jonathan low and aaron dessner\\nmixed by jonathan
        low\\norchestration by bryce dessner\\nmastered by greg calbi and steve fallone\\ndrum
        machine programming, percussion, keyboards, synthesizers, piano and electric,
        bass and\\nacoustic guitars by aaron dessner\\nsynthesizers and drum machine
        programming by james mcalister\\npercussion and drum machine programming by
        bryan devendorf\\nviolin by yuki numata resnick\\nelectric guitar by josh
        kaufman\\ncello by clarice jensen\\nglockenspiel by jason treuting\\nflute
        by alex sopp\\nfrench horn by cj camerieri\\nkeyboard and synthesizers by
        thomas bartlett\\n\\nintro music\\nmodular synth by benjamin lanz\\n\\nA special
        thank you to our on set medics, COVID-19 compliance personnel and the crew
        for operating under the strictest guidelines including wearing PPE, practicing
        thorough sanitization and respecting social distancing during the video shoot.\\n\\n#taylorswift
        #willow #evermorealbum\"\n        }\n      },\n      \"statistics\": {\n        \"viewCount\":
        \"111724176\",\n        \"likeCount\": \"2156567\",\n        \"favoriteCount\":
        \"0\",\n        \"commentCount\": \"115647\"\n      }\n    }\n  ],\n  \"pageInfo\":
        {\n    \"totalResults\": 1,\n    \"resultsPerPage\": 1\n  }\n}\n"
  recorded_at: Tue, 01 Nov 2022 12:16:57 GMT
- request:
    method: get
    uri: https://www.googleapis.com/youtube/v3/videos?id=rg18Kf4en2o&key=<YOUTUBE_TOKEN>&part=statistics,snippet
    body:
      encoding: UTF-8
      string: ''
    headers:
      Accept:
      - application/json
      Connection:
      - close
      Host:
      - www.googleapis.com
      User-Agent:
      - http.rb/5.1.0
  response:
    status:
      code: 200
      message: OK
    headers:
      Content-Type:
      - application/json; charset=UTF-8
      Vary:
      - Origin,Accept-Encoding
      - Referer
      - X-Origin
      Date:
      - Tue, 01 Nov 2022 12:16:58 GMT
      Server:
      - scaffolding on HTTPServer2
      Cache-Control:
      - private
      X-Xss-Protection:
      - '0'
      X-Frame-Options:
      - SAMEORIGIN
      X-Content-Type-Options:
      - nosniff
      Accept-Ranges:
      - none
      Transfer-Encoding:
      - chunked
      Alt-Svc:
      - h3=":443"; ma=2592000,h3-29=":443"; ma=2592000,h3-Q050=":443"; ma=2592000,h3-Q046=":443";
        ma=2592000,h3-Q043=":443"; ma=2592000,quic=":443"; ma=2592000; v="46,43"
      Connection:
      - close
    body:
      encoding: UTF-8
      string: |
        {
          "kind": "youtube#videoListResponse",
          "etag": "k9xXAmHkJ8KtByYI4rMNHPzd1CQ",
          "items": [
            {
              "kind": "youtube#video",
              "etag": "KYloHdGEQmqdLZDzO9boQnELNd8",
              "id": "rg18Kf4en2o",
              "snippet": {
                "publishedAt": "2022-10-22T00:00:29Z",
                "channelId": "UCANLZYMidaCbLQFWXBC95Jg",
                "title": "Taylor Swift - Karma (Official Lyric Video)",
                "description": "Listen to “Karma” by Taylor Swift from the album ‘Midnights’.\n\nBuy/Download/Stream ‘Midnights’: https://taylor.lnk.to/taylorswiftmidnights \n\n►Subscribe to Taylor Swift on YouTube: https://ts.lnk.to/subscribe \n \n►Shop Merch: http://taylorswift.lnk.to/store\n\n►Follow Taylor Swift Online:\nTikTok: http://tiktok.com/@taylornation\nInstagram: http://instagram.com/taylorswift  \nTwitter: http://twitter.com/taylorswift13  \nSnapchat: http://snapchat.com/add/taylorswift\nFacebook: http://facebook.com/taylorswift  \nTumblr: http://taylorswift.tumblr.com  \nWebsite: http://www.taylorswift.com  \n\n►Follow Taylor Nation Online\nTikTok: http://tiktok.com/@taylornation\nInstagram: http://instagram.com/taylornation  \nTwitter: http://twitter.com/taylornation13\nTumblr: http://taylornation.tumblr.com  \n\n►Lyrics:\nWritten by Taylor Swift, Jack Antonoff, Mark Anthony Spears, Keanu Torres, Jahaan Akil Sweet\n\nYou’re talking shit \nFor the hell of it \nAddicted to betrayal \nBut you’re relevant \nYou’re terrified to look down\nCause if you dare \nYou’ll see the glare \nOf everyone you burned just to get there \nIt’s coming back around \nAnd I keep my side of the street clean \nYou wouldn’t know what I mean \n\nCause karma is my boyfriend\nKarma is a god \nKarma is the breeze in my hair on the weekend \nKarma’s a relaxing thought \nAren’t you envious that for you it’s not?\nSweet like honey\nKarma is a cat \nPurring in my lap ‘cause it loves me \nFlexing like a goddamn acrobat \nMe and karma vibe like that \n\nSpiderboy, king of thieves \nWeave your little webs of opacity \nMy pennies made your crown \nTrick me once \nTrick me twice \nDon’t you know that cash ain’t the only price \nIt’s coming back around \nAnd I keep my side of the street clean \nYou wouldn’t know what I mean\n\nChorus \n\nAsk me what I learned from all those years \nAsk me what I earned from all those tears \nAsk me why so many fade but I’m still here\n\nCause karma is the thunder \nRattling your ground \nKarma’s on your scent like a bounty hunter \nKarma’s gonna track you down\nStep by step from town to town \nSweet like justice \nKarma is a queen \nKarma takes all my friends to the summit \nKarma is the guy on the screen coming straight home to me \n\nChorus \n\nKarma is my boyfriend \nKarma is a god \nKarma’s a relaxing thought …\n\n#taylorswift #midnights #Karma \n\n\nMusic video by Taylor Swift performing Karma (Lyric Video). © 2022 Taylor Swift",
                "thumbnails": {
                  "default": {
                    "url": "https://i.ytimg.com/vi/rg18Kf4en2o/default.jpg",
                    "width": 120,
                    "height": 90
                  },
                  "medium": {
                    "url": "https://i.ytimg.com/vi/rg18Kf4en2o/mqdefault.jpg",
                    "width": 320,
                    "height": 180
                  },
                  "high": {
                    "url": "https://i.ytimg.com/vi/rg18Kf4en2o/hqdefault.jpg",
                    "width": 480,
                    "height": 360
                  },
                  "standard": {
                    "url": "https://i.ytimg.com/vi/rg18Kf4en2o/sddefault.jpg",
                    "width": 640,
                    "height": 480
                  },
                  "maxres": {
                    "url": "https://i.ytimg.com/vi/rg18Kf4en2o/maxresdefault.jpg",
                    "width": 1280,
                    "height": 720
                  }
                },
                "channelTitle": "TaylorSwiftVEVO",
                "tags": [
                  "taylor swift",
                  "taylor",
                  "swift",
                  "karma",
                  "midnights",
                  "taylor swift new music",
                  "taylor swift midnights",
                  "taylor swift album",
                  "taylor swift new album",
                  "swifties",
                  "taylors version",
                  "taylor swift lyrics",
                  "official taylor swift video",
                  "taylor swift challenge",
                  "anti hero challenge",
                  "taylor swift tiktok"
                ],
                "categoryId": "10",
                "liveBroadcastContent": "none",
                "localized": {
                  "title": "Taylor Swift - Karma (Official Lyric Video)",
                  "description": "Listen to “Karma” by Taylor Swift from the album ‘Midnights’.\n\nBuy/Download/Stream ‘Midnights’: https://taylor.lnk.to/taylorswiftmidnights \n\n►Subscribe to Taylor Swift on YouTube: https://ts.lnk.to/subscribe \n \n►Shop Merch: http://taylorswift.lnk.to/store\n\n►Follow Taylor Swift Online:\nTikTok: http://tiktok.com/@taylornation\nInstagram: http://instagram.com/taylorswift  \nTwitter: http://twitter.com/taylorswift13  \nSnapchat: http://snapchat.com/add/taylorswift\nFacebook: http://facebook.com/taylorswift  \nTumblr: http://taylorswift.tumblr.com  \nWebsite: http://www.taylorswift.com  \n\n►Follow Taylor Nation Online\nTikTok: http://tiktok.com/@taylornation\nInstagram: http://instagram.com/taylornation  \nTwitter: http://twitter.com/taylornation13\nTumblr: http://taylornation.tumblr.com  \n\n►Lyrics:\nWritten by Taylor Swift, Jack Antonoff, Mark Anthony Spears, Keanu Torres, Jahaan Akil Sweet\n\nYou’re talking shit \nFor the hell of it \nAddicted to betrayal \nBut you’re relevant \nYou’re terrified to look down\nCause if you dare \nYou’ll see the glare \nOf everyone you burned just to get there \nIt’s coming back around \nAnd I keep my side of the street clean \nYou wouldn’t know what I mean \n\nCause karma is my boyfriend\nKarma is a god \nKarma is the breeze in my hair on the weekend \nKarma’s a relaxing thought \nAren’t you envious that for you it’s not?\nSweet like honey\nKarma is a cat \nPurring in my lap ‘cause it loves me \nFlexing like a goddamn acrobat \nMe and karma vibe like that \n\nSpiderboy, king of thieves \nWeave your little webs of opacity \nMy pennies made your crown \nTrick me once \nTrick me twice \nDon’t you know that cash ain’t the only price \nIt’s coming back around \nAnd I keep my side of the street clean \nYou wouldn’t know what I mean\n\nChorus \n\nAsk me what I learned from all those years \nAsk me what I earned from all those tears \nAsk me why so many fade but I’m still here\n\nCause karma is the thunder \nRattling your ground \nKarma’s on your scent like a bounty hunter \nKarma’s gonna track you down\nStep by step from town to town \nSweet like justice \nKarma is a queen \nKarma takes all my friends to the summit \nKarma is the guy on the screen coming straight home to me \n\nChorus \n\nKarma is my boyfriend \nKarma is a god \nKarma’s a relaxing thought …\n\n#taylorswift #midnights #Karma \n\n\nMusic video by Taylor Swift performing Karma (Lyric Video). © 2022 Taylor Swift"
                }
              },
              "statistics": {
                "viewCount": "4250825",
                "likeCount": "131882",
                "favoriteCount": "0",
                "commentCount": "2356"
              }
            }
          ],
          "pageInfo": {
            "totalResults": 1,
            "resultsPerPage": 1
          }
        }
  recorded_at: Tue, 01 Nov 2022 12:16:57 GMT
- request:
    method: get
    uri: https://www.googleapis.com/youtube/v3/videos?id=Odh9ddPUkEY&key=<YOUTUBE_TOKEN>&part=statistics,snippet
    body:
      encoding: UTF-8
      string: ''
    headers:
      Accept:
      - application/json
      Connection:
      - close
      Host:
      - www.googleapis.com
      User-Agent:
      - http.rb/5.1.0
  response:
    status:
      code: 200
      message: OK
    headers:
      Content-Type:
      - application/json; charset=UTF-8
      Vary:
      - Origin,Accept-Encoding
      - Referer
      - X-Origin
      Date:
      - Tue, 01 Nov 2022 12:16:58 GMT
      Server:
      - scaffolding on HTTPServer2
      Cache-Control:
      - private
      X-Xss-Protection:
      - '0'
      X-Frame-Options:
      - SAMEORIGIN
      X-Content-Type-Options:
      - nosniff
      Accept-Ranges:
      - none
      Transfer-Encoding:
      - chunked
      Alt-Svc:
      - h3=":443"; ma=2592000,h3-29=":443"; ma=2592000,h3-Q050=":443"; ma=2592000,h3-Q046=":443";
        ma=2592000,h3-Q043=":443"; ma=2592000,quic=":443"; ma=2592000; v="46,43"
      Connection:
      - close
    body:
      encoding: UTF-8
      string: |
        {
          "kind": "youtube#videoListResponse",
          "etag": "e9kfHcu_7vMWk0e1_QlyCo9cahY",
          "items": [
            {
              "kind": "youtube#video",
              "etag": "p3O6qTx_S-pRakJgpUyu3-remQY",
              "id": "Odh9ddPUkEY",
              "snippet": {
                "publishedAt": "2022-10-22T00:00:13Z",
                "channelId": "UCANLZYMidaCbLQFWXBC95Jg",
                "title": "Taylor Swift - Midnight Rain (Official Lyric Video)",
                "description": "Listen to “ Midnight Rain e” by Taylor Swift from the album ‘Midnights’.\n\nBuy/Download/Stream ‘Midnights’: https://taylor.lnk.to/taylorswiftmidnights \n\n►Subscribe to Taylor Swift on YouTube: https://ts.lnk.to/subscribe \n \n►Shop Merch: http://taylorswift.lnk.to/store\n\n►Follow Taylor Swift Online:\nTikTok: http://tiktok.com/@taylornation\nInstagram: http://instagram.com/taylorswift  \nTwitter: http://twitter.com/taylorswift13  \nSnapchat: http://snapchat.com/add/taylorswift\nFacebook: http://facebook.com/taylorswift  \nTumblr: http://taylorswift.tumblr.com  \nWebsite: http://www.taylorswift.com  \n\n►Follow Taylor Nation Online\nTikTok: http://tiktok.com/@taylornation\nInstagram: http://instagram.com/taylornation  \nTwitter: http://twitter.com/taylornation13\nTumblr: http://taylornation.tumblr.com  \n\n►Lyrics:\nWritten by Taylor Swift and Jack Antonoff\n\nHe wanted it comfortable\nI wanted that pain\nHe wanted a bride\nI was making my own name\nChasing that fame\nHe stayed the same\nAll of me changed\nLike midnight …\n\nMy town was a wasteland\nFull of cages, full of fences\nPageant queens and big pretenders\nBut for some it was paradise\nMy boy was a montage\nA slow motion, love potion\nJumping off things in the ocean\nI broke his heart ‘cause he was nice\n\nHe was sunshine\nI was midnight rain\nHe wanted it comfortable\nI wanted that pain\nHe wanted a bride\nI was making my own name\nChasing that fame\nHe stayed the same\nAll of me changed\nLike midnight …\n\nIt came like a postcard\nPicture perfect shiny family\nHoliday peppermint candy\nBut for him it’s every day\nSo I peered through a window\nA deep portal, time travel\nAll the love we unravel\nAnd the life I gave away\n\nCause he was sunshine \nI was midnight rain\nHe wanted it comfortable\nI wanted that pain\nHe wanted a bride\nI was making my own name\nChasing that fame\nHe stayed the same\nAll of me changed\nLike midnight\n\n\nHe wanted it comfortable\nI wanted that pain\nHe wanted a bride\nI was making my own name\nChasing that fame\nHe stayed the same\nAll of me changed\nLike midnight\n\nI guess sometimes we all get\njust what we wanted, just what we wanted\nAnd he never thinks of me\nExcept when I’m on TV\nI guess sometimes we all get \nsome kind of haunted, some kind of haunted\nAnd I never think of him\nExcept on midnights like this …\n\n#taylorswift #midnights #MidnightRain\n\n\n\nMusic video by Taylor Swift performing Midnight Rain (Lyric Video). © 2022 Taylor Swift",
                "thumbnails": {
                  "default": {
                    "url": "https://i.ytimg.com/vi/Odh9ddPUkEY/default.jpg",
                    "width": 120,
                    "height": 90
                  },
                  "medium": {
                    "url": "https://i.ytimg.com/vi/Odh9ddPUkEY/mqdefault.jpg",
                    "width": 320,
                    "height": 180
                  },
                  "high": {
                    "url": "https://i.ytimg.com/vi/Odh9ddPUkEY/hqdefault.jpg",
                    "width": 480,
                    "height": 360
                  },
                  "standard": {
                    "url": "https://i.ytimg.com/vi/Odh9ddPUkEY/sddefault.jpg",
                    "width": 640,
                    "height": 480
                  },
                  "maxres": {
                    "url": "https://i.ytimg.com/vi/Odh9ddPUkEY/maxresdefault.jpg",
                    "width": 1280,
                    "height": 720
                  }
                },
                "channelTitle": "TaylorSwiftVEVO",
                "tags": [
                  "taylor swift",
                  "taylor",
                  "swift",
                  "midnightrain",
                  "midnight rain",
                  "midnights",
                  "taylor swift new music",
                  "taylor swift midnights",
                  "taylor swift album",
                  "taylor swift new album",
                  "swifties",
                  "taylors version",
                  "taylor swift lyrics",
                  "official taylor swift video",
                  "taylor swift challenge",
                  "anti hero challenge",
                  "taylor swift tiktok"
                ],
                "categoryId": "10",
                "liveBroadcastContent": "none",
                "localized": {
                  "title": "Taylor Swift - Midnight Rain (Official Lyric Video)",
                  "description": "Listen to “ Midnight Rain e” by Taylor Swift from the album ‘Midnights’.\n\nBuy/Download/Stream ‘Midnights’: https://taylor.lnk.to/taylorswiftmidnights \n\n►Subscribe to Taylor Swift on YouTube: https://ts.lnk.to/subscribe \n \n►Shop Merch: http://taylorswift.lnk.to/store\n\n►Follow Taylor Swift Online:\nTikTok: http://tiktok.com/@taylornation\nInstagram: http://instagram.com/taylorswift  \nTwitter: http://twitter.com/taylorswift13  \nSnapchat: http://snapchat.com/add/taylorswift\nFacebook: http://facebook.com/taylorswift  \nTumblr: http://taylorswift.tumblr.com  \nWebsite: http://www.taylorswift.com  \n\n►Follow Taylor Nation Online\nTikTok: http://tiktok.com/@taylornation\nInstagram: http://instagram.com/taylornation  \nTwitter: http://twitter.com/taylornation13\nTumblr: http://taylornation.tumblr.com  \n\n►Lyrics:\nWritten by Taylor Swift and Jack Antonoff\n\nHe wanted it comfortable\nI wanted that pain\nHe wanted a bride\nI was making my own name\nChasing that fame\nHe stayed the same\nAll of me changed\nLike midnight …\n\nMy town was a wasteland\nFull of cages, full of fences\nPageant queens and big pretenders\nBut for some it was paradise\nMy boy was a montage\nA slow motion, love potion\nJumping off things in the ocean\nI broke his heart ‘cause he was nice\n\nHe was sunshine\nI was midnight rain\nHe wanted it comfortable\nI wanted that pain\nHe wanted a bride\nI was making my own name\nChasing that fame\nHe stayed the same\nAll of me changed\nLike midnight …\n\nIt came like a postcard\nPicture perfect shiny family\nHoliday peppermint candy\nBut for him it’s every day\nSo I peered through a window\nA deep portal, time travel\nAll the love we unravel\nAnd the life I gave away\n\nCause he was sunshine \nI was midnight rain\nHe wanted it comfortable\nI wanted that pain\nHe wanted a bride\nI was making my own name\nChasing that fame\nHe stayed the same\nAll of me changed\nLike midnight\n\n\nHe wanted it comfortable\nI wanted that pain\nHe wanted a bride\nI was making my own name\nChasing that fame\nHe stayed the same\nAll of me changed\nLike midnight\n\nI guess sometimes we all get\njust what we wanted, just what we wanted\nAnd he never thinks of me\nExcept when I’m on TV\nI guess sometimes we all get \nsome kind of haunted, some kind of haunted\nAnd I never think of him\nExcept on midnights like this …\n\n#taylorswift #midnights #MidnightRain\n\n\n\nMusic video by Taylor Swift performing Midnight Rain (Lyric Video). © 2022 Taylor Swift"
                }
              },
              "statistics": {
                "viewCount": "6224438",
                "likeCount": "188405",
                "favoriteCount": "0",
                "commentCount": "2756"
              }
            }
          ],
          "pageInfo": {
            "totalResults": 1,
            "resultsPerPage": 1
          }
        }
  recorded_at: Tue, 01 Nov 2022 12:16:57 GMT
recorded_with: VCR 6.1.0
